// Jest Snapshot v1, https://goo.gl/fbAQLP

exports[`Header Component renders and create snapshot <Header /> 1`] = `
@media (max-width:450px) {

}

<Router
  history={
    Object {
      "action": "POP",
      "block": [Function],
      "canGo": [Function],
      "createHref": [Function],
      "entries": Array [
        Object {
          "hash": "",
          "key": "eltx9x",
          "pathname": "/random",
          "search": "",
          "state": undefined,
        },
      ],
      "go": [Function],
      "goBack": [Function],
      "goForward": [Function],
      "index": 0,
      "length": 1,
      "listen": [Function],
      "location": Object {
        "hash": "",
        "key": "eltx9x",
        "pathname": "/random",
        "search": "",
        "state": undefined,
      },
      "push": [Function],
      "replace": [Function],
    }
  }
>
  <Header
    data-test="header-test-wrapper"
  />
</Router>
`;
